
Allocating common symbols
Common symbol       size              file

netbufpool          0x4               binaries/net.o
readylist           0x2               binaries/ready.o
rfltab              0x5a0             binaries/rflinit.o
sleepq              0x2               binaries/clkinit.o
nnames              0x4               binaries/naminit.o
udptab              0x168             binaries/udp.o
minheap             0x4               binaries/meminit.o
marks               0x50              binaries/mark.o
currpid             0x4               binaries/initialize.o
Lf_data             0x20c             binaries/lfsinit.o
porttab             0x2d0             binaries/ptinit.o
girmask             0x2               binaries/evec.o
ttytab              0x110             binaries/ttyinit.o
proctab             0x15e0            binaries/initialize.o
prcount             0x4               binaries/initialize.o
lfltab              0xf00             binaries/lflinit.o
rdstab              0x8c              binaries/rdsinit.o
ethertab            0x138             binaries/ethinit.o
NetData             0xa8              binaries/net.o
nmarks              0x4               binaries/mark.o
Defer               0x8               binaries/resched.o
semtab              0x4b0             binaries/initialize.o
maxheap             0x4               binaries/meminit.o
preempt             0x4               binaries/clkinit.o
buftab              0xf0              binaries/bufinit.o
Rf_data             0x18              binaries/rfsinit.o
mkmutex             0x4               binaries/mark.o
clktime             0x4               binaries/clkinit.o
arpcache            0x140             binaries/arp.o
icmptab             0x230             binaries/icmp.o
nbpools             0x4               binaries/bufinit.o
queuetab            0x980             binaries/queue.o
ptnextid            0x4               binaries/ptinit.o
Ram                 0x19000           binaries/raminit.o
ipoqueue            0x2c              binaries/ip.o
memlist             0x8               binaries/initialize.o
nametab             0x19a0            binaries/naminit.o
ptfree              0x4               binaries/ptinit.o

Memory Configuration

Name             Origin             Length             Attributes
*default*        0x0000000000000000 0xffffffffffffffff

Linker script and memory map

                0x0000000000100000                physbase = 0x100000
                0x0000000000100000                . = physbase
                0x0000000000100000                . = ALIGN (0x1000)

.text           0x0000000000100000    0x14000
                0x0000000000100000                text = ABSOLUTE (.)
 *(.text .text.*)
 .text          0x0000000000100000      0x1ac binaries/start.o
                0x0000000000100028                start
                0x00000000001000fa                inb
                0x0000000000100102                inw
                0x000000000010010b                inl
                0x0000000000100113                outb
                0x000000000010011d                outw
                0x0000000000100128                outl
                0x0000000000100132                _rtcin
                0x000000000010013d                ___udivsi3
                0x0000000000100148                ___divsi3
                0x0000000000100154                sbzero
                0x0000000000100164                bcopy
                0x0000000000100178                insw
                0x000000000010018e                outsw
                0x00000000001001a4                lidt
 .text          0x00000000001001ac      0x2fa binaries/ascdate.o
                0x00000000001001ac                ascdate
 *fill*         0x00000000001004a6        0x2 
 .text          0x00000000001004a8       0x10 binaries/bufinit.o
                0x00000000001004a8                bufinit
 .text          0x00000000001004b8       0x6a binaries/chprio.o
                0x00000000001004b8                chprio
 *fill*         0x0000000000100522        0x2 
 .text          0x0000000000100524       0x71 binaries/clkhandler.o
                0x0000000000100524                clkhandler
 *fill*         0x0000000000100595        0x3 
 .text          0x0000000000100598       0x76 binaries/clkinit.o
                0x0000000000100598                clkinit
 *fill*         0x000000000010060e        0x2 
 .text          0x0000000000100610       0x4e binaries/close.o
                0x0000000000100610                close
 *fill*         0x000000000010065e        0x2 
 .text          0x0000000000100660        0x0 binaries/conf.o
 .text          0x0000000000100660       0x66 binaries/control.o
                0x0000000000100660                control
 *fill*         0x00000000001006c6        0x2 
 .text          0x00000000001006c8      0x21a binaries/create.o
                0x00000000001006c8                create
 *fill*         0x00000000001008e2        0x2 
 .text          0x00000000001008e4      0x2b4 binaries/early_imr.o
                0x00000000001008e4                intel_cln_early_sb_read_reg
                0x000000000010094b                intel_cln_early_sb_write_reg
                0x0000000000100a56                remove_irm_protections
 .text          0x0000000000100b98      0x376 binaries/evec.o
                0x0000000000100b98                setirmask
                0x0000000000100bd6                set_evec
                0x0000000000100c33                initevec
                0x0000000000100d43                trap
 *fill*         0x0000000000100f0e        0x2 
 .text          0x0000000000100f10       0x14 binaries/exit.o
                0x0000000000100f10                exit
 .text          0x0000000000100f24        0x6 binaries/find_library_function.o
                0x0000000000100f24                find_library_function
 *fill*         0x0000000000100f2a        0x2 
 .text          0x0000000000100f2c       0x67 binaries/freebuf.o
                0x0000000000100f2c                freebuf
 *fill*         0x0000000000100f93        0x1 
 .text          0x0000000000100f94       0xec binaries/freemem.o
                0x0000000000100f94                freemem
 .text          0x0000000000101080       0x64 binaries/getbuf.o
                0x0000000000101080                getbuf
 .text          0x00000000001010e4       0x4e binaries/getc.o
                0x00000000001010e4                getc
 *fill*         0x0000000000101132        0x2 
 .text          0x0000000000101134       0x60 binaries/getdev.o
                0x0000000000101134                getdev
 .text          0x0000000000101194       0x83 binaries/getitem.o
                0x0000000000101194                getitem
                0x00000000001011c0                getlast
                0x00000000001011ee                getfirst
 *fill*         0x0000000000101217        0x1 
 .text          0x0000000000101218       0xb0 binaries/getmem.o
                0x0000000000101218                getmem
 .text          0x00000000001012c8        0x6 binaries/getpid.o
                0x00000000001012c8                getpid
 *fill*         0x00000000001012ce        0x2 
 .text          0x00000000001012d0       0x5b binaries/getprio.o
                0x00000000001012d0                getprio
 *fill*         0x000000000010132b        0x1 
 .text          0x000000000010132c       0x9a binaries/getstk.o
                0x000000000010132c                getstk
 *fill*         0x00000000001013c6        0x2 
 .text          0x00000000001013c8       0x34 binaries/gettime.o
                0x00000000001013c8                gettime
 .text          0x00000000001013fc      0x1b9 binaries/getutime.o
                0x00000000001013fc                getutime
 *fill*         0x00000000001015b5        0x3 
 .text          0x00000000001015b8       0x4e binaries/init.o
                0x00000000001015b8                init
 *fill*         0x0000000000101606        0x2 
 .text          0x0000000000101608      0x27b binaries/initialize.o
                0x0000000000101608                nulluser
                0x000000000010183b                stop
                0x0000000000101860                delay
 *fill*         0x0000000000101883        0x1 
 .text          0x0000000000101884       0xa0 binaries/insert.o
                0x0000000000101884                insert
 .text          0x0000000000101924       0xee binaries/insertd.o
                0x0000000000101924                insertd
 *fill*         0x0000000000101a12        0x2 
 .text          0x0000000000101a14        0x6 binaries/ioerr.o
                0x0000000000101a14                ioerr
 *fill*         0x0000000000101a1a        0x2 
 .text          0x0000000000101a1c        0x6 binaries/ionull.o
                0x0000000000101a1c                ionull
 *fill*         0x0000000000101a22        0x2 
 .text          0x0000000000101a24      0x131 binaries/kill.o
                0x0000000000101a24                kill
 *fill*         0x0000000000101b55        0x3 
 .text          0x0000000000101b58       0x92 binaries/kprintf.o
                0x0000000000101b58                kputc
                0x0000000000101b96                kgetc
                0x0000000000101bc2                kprintf
 *fill*         0x0000000000101bea        0x2 
 .text          0x0000000000101bec        0x6 binaries/load_library.o
                0x0000000000101bec                load_library
 *fill*         0x0000000000101bf2        0x2 
 .text          0x0000000000101bf4        0x6 binaries/load_program.o
                0x0000000000101bf4                load_program
 *fill*         0x0000000000101bfa        0x2 
 .text          0x0000000000101bfc       0xb6 binaries/main.o
                0x0000000000101bfc                main
 *fill*         0x0000000000101cb2        0x2 
 .text          0x0000000000101cb4       0x90 binaries/mark.o
                0x0000000000101cb4                markinit
                0x0000000000101cd6                mark
 .text          0x0000000000101d44      0x1c1 binaries/meminit.o
                0x0000000000101d44                meminit
                0x0000000000101ea2                setsegs
 *fill*         0x0000000000101f05        0x3 
 .text          0x0000000000101f08      0x115 binaries/mkbufpool.o
                0x0000000000101f08                mkbufpool
 *fill*         0x000000000010201d        0x3 
 .text          0x0000000000102020       0x5e binaries/newqueue.o
                0x0000000000102020                newqueue
 *fill*         0x000000000010207e        0x2 
 .text          0x0000000000102080       0x5e binaries/open.o
                0x0000000000102080                open
 *fill*         0x00000000001020de        0x2 
 .text          0x00000000001020e0       0x1e binaries/panic.o
                0x00000000001020e0                panic
 *fill*         0x00000000001020fe        0x2 
 .text          0x0000000000102100      0x281 binaries/pci.o
                0x0000000000102100                pci_init
                0x0000000000102106                find_pci_device
                0x00000000001021cf                pci_read_config_byte
                0x000000000010220a                pci_read_config_word
                0x0000000000102247                pci_read_config_dword
                0x0000000000102282                pci_write_config_byte
                0x00000000001022bb                pci_write_config_word
                0x00000000001022f5                pci_write_config_dword
                0x000000000010232e                pci_get_dev_mmio_base_addr
 *fill*         0x0000000000102381        0x3 
 .text          0x0000000000102384       0x98 binaries/platinit.o
                0x0000000000102384                console_init
                0x00000000001023c3                platinit
 .text          0x000000000010241c       0xa6 binaries/ptclear.o
                0x000000000010241c                _ptclear
 *fill*         0x00000000001024c2        0x2 
 .text          0x00000000001024c4       0x6e binaries/ptcount.o
                0x00000000001024c4                ptcount
 *fill*         0x0000000000102532        0x2 
 .text          0x0000000000102534       0xbd binaries/ptcreate.o
                0x0000000000102534                ptcreate
 *fill*         0x00000000001025f1        0x3 
 .text          0x00000000001025f4       0x66 binaries/ptdelete.o
                0x00000000001025f4                ptdelete
 *fill*         0x000000000010265a        0x2 
 .text          0x000000000010265c       0x87 binaries/ptinit.o
                0x000000000010265c                ptinit
 *fill*         0x00000000001026e3        0x1 
 .text          0x00000000001026e4       0xb5 binaries/ptrecv.o
                0x00000000001026e4                ptrecv
 *fill*         0x0000000000102799        0x3 
 .text          0x000000000010279c       0x60 binaries/ptreset.o
                0x000000000010279c                ptreset
 .text          0x00000000001027fc       0xd0 binaries/ptsend.o
                0x00000000001027fc                ptsend
 .text          0x00000000001028cc       0x5b binaries/putc.o
                0x00000000001028cc                putc
 *fill*         0x0000000000102927        0x1 
 .text          0x0000000000102928       0xd5 binaries/quark_irq.o
                0x0000000000102928                quark_irq_routing
 *fill*         0x00000000001029fd        0x3 
 .text          0x0000000000102a00      0x1d9 binaries/quark_pdat.o
                0x0000000000102a00                get_quark_pdat_entry_data_by_id
                0x0000000000102ae5                get_quark_pdat_entry_data_by_desc
 *fill*         0x0000000000102bd9        0x3 
 .text          0x0000000000102bdc       0xb3 binaries/queue.o
                0x0000000000102bdc                enqueue
                0x0000000000102c48                dequeue
 *fill*         0x0000000000102c8f        0x1 
 .text          0x0000000000102c90       0x5e binaries/read.o
                0x0000000000102c90                read
 *fill*         0x0000000000102cee        0x2 
 .text          0x0000000000102cf0       0x6e binaries/ready.o
                0x0000000000102cf0                ready
 *fill*         0x0000000000102d5e        0x2 
 .text          0x0000000000102d60       0x51 binaries/receive.o
                0x0000000000102d60                receive
 *fill*         0x0000000000102db1        0x3 
 .text          0x0000000000102db4       0x42 binaries/recvclr.o
                0x0000000000102db4                recvclr
 *fill*         0x0000000000102df6        0x2 
 .text          0x0000000000102df8       0x99 binaries/recvtime.o
                0x0000000000102df8                recvtime
 *fill*         0x0000000000102e91        0x3 
 .text          0x0000000000102e94      0x12e binaries/resched.o
                0x0000000000102e94                resched
                0x0000000000102f51                resched_cntl
 *fill*         0x0000000000102fc2        0x2 
 .text          0x0000000000102fc4       0x87 binaries/resume.o
                0x0000000000102fc4                resume
 *fill*         0x000000000010304b        0x1 
 .text          0x000000000010304c       0x56 binaries/seek.o
                0x000000000010304c                seek
 *fill*         0x00000000001030a2        0x2 
 .text          0x00000000001030a4       0x47 binaries/semcount.o
                0x00000000001030a4                semcount
 *fill*         0x00000000001030eb        0x1 
 .text          0x00000000001030ec       0x8f binaries/semcreate.o
                0x00000000001030ec                semcreate
 *fill*         0x000000000010317b        0x1 
 .text          0x000000000010317c       0xa8 binaries/semdelete.o
                0x000000000010317c                semdelete
 .text          0x0000000000103224       0x95 binaries/semreset.o
                0x0000000000103224                semreset
 *fill*         0x00000000001032b9        0x3 
 .text          0x00000000001032bc       0xb4 binaries/send.o
                0x00000000001032bc                send
 .text          0x0000000000103370       0x7c binaries/signal.o
                0x0000000000103370                signal
 .text          0x00000000001033ec       0xa8 binaries/signaln.o
                0x00000000001033ec                signaln
 .text          0x0000000000103494       0xbc binaries/sleep.o
                0x0000000000103494                sleepms
                0x000000000010351e                sleep
 .text          0x0000000000103550      0x17a binaries/stacktrace.o
                0x0000000000103550                stacktrace
 *fill*         0x00000000001036ca        0x2 
 .text          0x00000000001036cc       0xb2 binaries/suspend.o
                0x00000000001036cc                suspend
 *fill*         0x000000000010377e        0x2 
 .text          0x0000000000103780       0xa8 binaries/unsleep.o
                0x0000000000103780                unsleep
 .text          0x0000000000103828       0x14 binaries/userret.o
                0x0000000000103828                userret
 .text          0x000000000010383c       0x9f binaries/wait.o
                0x000000000010383c                wait
 *fill*         0x00000000001038db        0x1 
 .text          0x00000000001038dc       0x71 binaries/wakeup.o
                0x00000000001038dc                wakeup
 *fill*         0x000000000010394d        0x3 
 .text          0x0000000000103950       0x5e binaries/write.o
                0x0000000000103950                write
 *fill*         0x00000000001039ae        0x2 
 .text          0x00000000001039b0       0x18 binaries/xdone.o
                0x00000000001039b0                xdone
 .text          0x00000000001039c8       0x22 binaries/yield.o
                0x00000000001039c8                yield
 *fill*         0x00000000001039ea        0x2 
 .text          0x00000000001039ec        0xe binaries/abs.o
                0x00000000001039ec                abs
 *fill*         0x00000000001039fa        0x2 
 .text          0x00000000001039fc       0x6a binaries/atoi.o
                0x00000000001039fc                atoi
 *fill*         0x0000000000103a66        0x2 
 .text          0x0000000000103a68       0x6a binaries/atol.o
                0x0000000000103a68                atol
 *fill*         0x0000000000103ad2        0x2 
 .text          0x0000000000103ad4       0x19 binaries/bzero.o
                0x0000000000103ad4                bzero
 *fill*         0x0000000000103aed        0x3 
 .text          0x0000000000103af0        0x0 binaries/ctype_.o
 .text          0x0000000000103af0      0x705 binaries/doprnt.o
                0x0000000000103c26                _doprnt
 *fill*         0x00000000001041f5        0x3 
 .text          0x00000000001041f8      0x634 binaries/doscan.o
                0x00000000001041f8                _doscan
 .text          0x000000000010482c      0x6dd binaries/fdoprnt.o
                0x00000000001048a6                _fdoprnt
 *fill*         0x0000000000104f09        0x3 
 .text          0x0000000000104f0c       0x1c binaries/fgetc.o
                0x0000000000104f0c                fgetc
 .text          0x0000000000104f28       0x5d binaries/fgets.o
                0x0000000000104f28                fgets
 *fill*         0x0000000000104f85        0x3 
 .text          0x0000000000104f88       0x30 binaries/fprintf.o
                0x0000000000104f88                fprintf
 .text          0x0000000000104fb8       0x2c binaries/fputc.o
                0x0000000000104fb8                fputc
 .text          0x0000000000104fe4       0x37 binaries/fputs.o
                0x0000000000104fe4                fputs
 *fill*         0x000000000010501b        0x1 
 .text          0x000000000010501c       0x7a binaries/fscanf.o
                0x0000000000105053                fscanf
 *fill*         0x0000000000105096        0x2 
 .text          0x0000000000105098       0x27 binaries/getchar.o
                0x0000000000105098                getchar
 *fill*         0x00000000001050bf        0x1 
 .text          0x00000000001050c0        0xe binaries/labs.o
                0x00000000001050c0                labs
 *fill*         0x00000000001050ce        0x2 
 .text          0x00000000001050d0       0x32 binaries/memchr.o
                0x00000000001050d0                memchr
 *fill*         0x0000000000105102        0x2 
 .text          0x0000000000105104       0x4a binaries/memcmp.o
                0x0000000000105104                memcmp
 *fill*         0x000000000010514e        0x2 
 .text          0x0000000000105150       0x25 binaries/memcpy.o
                0x0000000000105150                memcpy
 *fill*         0x0000000000105175        0x3 
 .text          0x0000000000105178       0x1e binaries/memset.o
                0x0000000000105178                memset
 *fill*         0x0000000000105196        0x2 
 .text          0x0000000000105198       0x44 binaries/printf.o
                0x0000000000105198                printf
 .text          0x00000000001051dc       0x2f binaries/putchar.o
                0x00000000001051dc                putchar
 *fill*         0x000000000010520b        0x1 
 .text          0x000000000010520c      0x1df binaries/qsort.o
                0x00000000001053c0                qsort
 *fill*         0x00000000001053eb        0x1 
 .text          0x00000000001053ec       0x44 binaries/rand.o
                0x00000000001053ec                srand
                0x00000000001053f6                rand
 .text          0x0000000000105430       0x51 binaries/sprintf.o
                0x0000000000105443                sprintf
 *fill*         0x0000000000105481        0x3 
 .text          0x0000000000105484       0x69 binaries/sscanf.o
                0x00000000001054aa                sscanf
 *fill*         0x00000000001054ed        0x3 
 .text          0x00000000001054f0       0x30 binaries/strchr.o
                0x00000000001054f0                strchr
 .text          0x0000000000105520       0x43 binaries/strcmp.o
                0x0000000000105520                strcmp
 *fill*         0x0000000000105563        0x1 
 .text          0x0000000000105564       0x18 binaries/strcpy.o
                0x0000000000105564                strcpy
 .text          0x000000000010557c       0x1c binaries/strlen.o
                0x000000000010557c                strlen
 .text          0x0000000000105598       0x36 binaries/strncat.o
                0x0000000000105598                strncat
 *fill*         0x00000000001055ce        0x2 
 .text          0x00000000001055d0       0x3d binaries/strncmp.o
                0x00000000001055d0                strncmp
 *fill*         0x000000000010560d        0x3 
 .text          0x0000000000105610       0x56 binaries/strncpy.o
                0x0000000000105610                strncpy
 *fill*         0x0000000000105666        0x2 
 .text          0x0000000000105668       0x2e binaries/strnlen.o
                0x0000000000105668                strnlen
 *fill*         0x0000000000105696        0x2 
 .text          0x0000000000105698       0x30 binaries/strrchr.o
                0x0000000000105698                strrchr
 .text          0x00000000001056c8       0x64 binaries/strstr.o
                0x00000000001056c8                strstr
 .text          0x000000000010572c       0xb9 binaries/ttycontrol.o
                0x000000000010572c                ttycontrol
 *fill*         0x00000000001057e5        0x3 
 .text          0x00000000001057e8       0x78 binaries/ttygetc.o
                0x00000000001057e8                ttygetc
 .text          0x0000000000105860      0x462 binaries/ttyhandle_in.o
                0x000000000010590f                ttyhandle_in
 *fill*         0x0000000000105cc2        0x2 
 .text          0x0000000000105cc4      0x162 binaries/ttyhandle_out.o
                0x0000000000105cc4                ttyhandle_out
 *fill*         0x0000000000105e26        0x2 
 .text          0x0000000000105e28       0x81 binaries/ttyhandler.o
                0x0000000000105e28                ttyhandler
 *fill*         0x0000000000105ea9        0x3 
 .text          0x0000000000105eac      0x14b binaries/ttyinit.o
                0x0000000000105eac                ttyinit
 *fill*         0x0000000000105ff7        0x1 
 .text          0x0000000000105ff8        0xc binaries/ttykickout.o
                0x0000000000105ff8                ttykickout
 .text          0x0000000000106004       0x8a binaries/ttyputc.o
                0x0000000000106004                ttyputc
 *fill*         0x000000000010608e        0x2 
 .text          0x0000000000106090       0xd3 binaries/ttyread.o
                0x0000000000106090                ttyread
 *fill*         0x0000000000106163        0x1 
 .text          0x0000000000106164       0x53 binaries/ttywrite.o
                0x0000000000106164                ttywrite
 *fill*         0x00000000001061b7        0x1 
 .text          0x00000000001061b8      0x10d binaries/mount.o
                0x00000000001061b8                namlen
                0x00000000001061f0                mount
 *fill*         0x00000000001062c5        0x3 
 .text          0x00000000001062c8      0x1ea binaries/naminit.o
                0x00000000001062c8                naminit
 *fill*         0x00000000001064b2        0x2 
 .text          0x00000000001064b4      0x213 binaries/nammap.o
                0x00000000001064b4                namrepl
                0x00000000001065d9                namcpy
                0x0000000000106626                nammap
 *fill*         0x00000000001066c7        0x1 
 .text          0x00000000001066c8       0x58 binaries/namopen.o
                0x00000000001066c8                namopen
 .text          0x0000000000106720       0xd0 binaries/colon2mac.o
                0x0000000000106720                colon2mac
 .text          0x00000000001067f0       0x7b binaries/ethcontrol.o
                0x00000000001067f0                ethcontrol
 *fill*         0x000000000010686b        0x1 
 .text          0x000000000010686c       0xe1 binaries/ethhandler.o
                0x000000000010686c                ethhandler
 *fill*         0x000000000010694d        0x3 
 .text          0x0000000000106950      0x4c9 binaries/ethinit.o
                0x0000000000106950                eth_phy_read
                0x000000000010698d                eth_phy_write
                0x00000000001069cf                eth_phy_reset
                0x0000000000106ac9                ethinit
 *fill*         0x0000000000106e19        0x3 
 .text          0x0000000000106e1c      0x11b binaries/ethmcast.o
                0x0000000000106e1c                ethmcast_add
                0x0000000000106e6f                ethmcast_remove
 *fill*         0x0000000000106f37        0x1 
 .text          0x0000000000106f38      0x13c binaries/ethread.o
                0x0000000000106f38                ethread
 .text          0x0000000000107074       0xa3 binaries/ethwrite.o
                0x0000000000107074                ethwrite
 *fill*         0x0000000000107117        0x1 
 .text          0x0000000000107118       0x62 binaries/rdsbufalloc.o
                0x0000000000107118                rdsbufalloc
 *fill*         0x000000000010717a        0x2 
 .text          0x000000000010717c       0x7d binaries/rdsclose.o
                0x000000000010717c                rdsclose
 *fill*         0x00000000001071f9        0x3 
 .text          0x00000000001071fc      0x1fc binaries/rdscomm.o
                0x00000000001071fc                rdscomm
 .text          0x00000000001073f8      0x197 binaries/rdscontrol.o
                0x00000000001073f8                rdscontrol
 *fill*         0x000000000010758f        0x1 
 .text          0x0000000000107590      0x17e binaries/rdsinit.o
                0x0000000000107590                rdsinit
 *fill*         0x000000000010770e        0x2 
 .text          0x0000000000107710      0x162 binaries/rdsopen.o
                0x0000000000107710                rdsopen
 *fill*         0x0000000000107872        0x2 
 .text          0x0000000000107874      0x2d9 binaries/rdsprocess.o
                0x0000000000107874                rdsprocess
 *fill*         0x0000000000107b4d        0x3 
 .text          0x0000000000107b50      0x183 binaries/rdsread.o
                0x0000000000107b50                rdsread
 *fill*         0x0000000000107cd3        0x1 
 .text          0x0000000000107cd4      0x141 binaries/rdswrite.o
                0x0000000000107cd4                rdswrite
 *fill*         0x0000000000107e15        0x3 
 .text          0x0000000000107e18        0x6 binaries/ramclose.o
                0x0000000000107e18                ramclose
 *fill*         0x0000000000107e1e        0x2 
 .text          0x0000000000107e20       0x44 binaries/raminit.o
                0x0000000000107e20                raminit
 .text          0x0000000000107e64        0x7 binaries/ramopen.o
                0x0000000000107e64                ramopen
 *fill*         0x0000000000107e6b        0x1 
 .text          0x0000000000107e6c       0x30 binaries/ramread.o
                0x0000000000107e6c                ramread
 .text          0x0000000000107e9c       0x30 binaries/ramwrite.o
                0x0000000000107e9c                ramwrite
 .text          0x0000000000107ecc       0x91 binaries/lfdballoc.o
                0x0000000000107ecc                lfdballoc
 *fill*         0x0000000000107f5d        0x3 
 .text          0x0000000000107f60       0x5d binaries/lfdbfree.o
                0x0000000000107f60                lfdbfree
 *fill*         0x0000000000107fbd        0x3 
 .text          0x0000000000107fc0       0xaa binaries/lfflush.o
                0x0000000000107fc0                lfflush
 *fill*         0x000000000010806a        0x2 
 .text          0x000000000010806c       0x77 binaries/lfgetmode.o
                0x000000000010806c                lfgetmode
 *fill*         0x00000000001080e3        0x1 
 .text          0x00000000001080e4       0x68 binaries/lfiballoc.o
                0x00000000001080e4                lfiballoc
 .text          0x000000000010814c       0x25 binaries/lfibclear.o
                0x000000000010814c                lfibclear
 *fill*         0x0000000000108171        0x3 
 .text          0x0000000000108174       0x7a binaries/lfibget.o
                0x0000000000108174                lfibget
 *fill*         0x00000000001081ee        0x2 
 .text          0x00000000001081f0       0xa0 binaries/lfibput.o
                0x00000000001081f0                lfibput
 .text          0x0000000000108290       0x76 binaries/lflclose.o
                0x0000000000108290                lflclose
 *fill*         0x0000000000108306        0x2 
 .text          0x0000000000108308       0xa2 binaries/lflcontrol.o
                0x0000000000108308                lflcontrol
 *fill*         0x00000000001083aa        0x2 
 .text          0x00000000001083ac       0x9c binaries/lflgetc.o
                0x00000000001083ac                lflgetc
 .text          0x0000000000108448       0xb8 binaries/lflinit.o
                0x0000000000108448                lflinit
 .text          0x0000000000108500       0xbc binaries/lflputc.o
                0x0000000000108500                lflputc
 .text          0x00000000001085bc       0x6a binaries/lflread.o
                0x00000000001085bc                lflread
 *fill*         0x0000000000108626        0x2 
 .text          0x0000000000108628       0x82 binaries/lflseek.o
                0x0000000000108628                lflseek
 *fill*         0x00000000001086aa        0x2 
 .text          0x00000000001086ac       0x4f binaries/lflwrite.o
                0x00000000001086ac                lflwrite
 *fill*         0x00000000001086fb        0x1 
 .text          0x00000000001086fc      0x129 binaries/lfsckfmt.o
                0x00000000001086fc                lfsckfmt
 *fill*         0x0000000000108825        0x3 
 .text          0x0000000000108828      0x1c9 binaries/lfscreate.o
                0x0000000000108828                lfscreate
 *fill*         0x00000000001089f1        0x3 
 .text          0x00000000001089f4      0x1ad binaries/lfsetup.o
                0x00000000001089f4                lfsetup
 *fill*         0x0000000000108ba1        0x3 
 .text          0x0000000000108ba4       0x51 binaries/lfsinit.o
                0x0000000000108ba4                lfsinit
 *fill*         0x0000000000108bf5        0x3 
 .text          0x0000000000108bf8      0x2b2 binaries/lfsopen.o
                0x0000000000108bf8                lfsopen
 *fill*         0x0000000000108eaa        0x2 
 .text          0x0000000000108eac      0x11c binaries/lftruncate.o
                0x0000000000108eac                lftruncate
 .text          0x0000000000108fc8       0x5a binaries/rflclose.o
                0x0000000000108fc8                rflclose
 *fill*         0x0000000000109022        0x2 
 .text          0x0000000000109024       0x34 binaries/rflgetc.o
                0x0000000000109024                rflgetc
 .text          0x0000000000109058       0x4b binaries/rflinit.o
                0x0000000000109058                rflinit
 *fill*         0x00000000001090a3        0x1 
 .text          0x00000000001090a4       0x3a binaries/rflputc.o
                0x00000000001090a4                rflputc
 *fill*         0x00000000001090de        0x2 
 .text          0x00000000001090e0      0x366 binaries/rflread.o
                0x00000000001090e0                rflread
 *fill*         0x0000000000109446        0x2 
 .text          0x0000000000109448       0x60 binaries/rflseek.o
                0x0000000000109448                rflseek
 .text          0x00000000001094a8      0x2b5 binaries/rflwrite.o
                0x00000000001094a8                rflwrite
 *fill*         0x000000000010975d        0x3 
 .text          0x0000000000109760      0x17b binaries/rfscomm.o
                0x0000000000109760                rfscomm
 *fill*         0x00000000001098db        0x1 
 .text          0x00000000001098dc      0x25a binaries/rfscontrol.o
                0x00000000001098dc                rfscontrol
 *fill*         0x0000000000109b36        0x2 
 .text          0x0000000000109b38       0x77 binaries/rfsgetmode.o
                0x0000000000109b38                rfsgetmode
 *fill*         0x0000000000109baf        0x1 
 .text          0x0000000000109bb0       0x76 binaries/rfsinit.o
                0x0000000000109bb0                rfsinit
 *fill*         0x0000000000109c26        0x2 
 .text          0x0000000000109c28       0xbe binaries/rfsndmsg.o
                0x0000000000109c28                rfsndmsg
 *fill*         0x0000000000109ce6        0x2 
 .text          0x0000000000109ce8      0x233 binaries/rfsopen.o
                0x0000000000109ce8                rfsopen
 *fill*         0x0000000000109f1b        0x1 
 .text          0x0000000000109f1c      0x664 binaries/arp.o
                0x0000000000109f1c                arp_init
                0x0000000000109f34                arp_alloc
                0x0000000000109fdf                arp_ntoh
                0x000000000010a051                arp_hton
                0x000000000010a0c3                arp_in
                0x000000000010a2fb                arp_resolve
 .text          0x000000000010a580      0x627 binaries/dhcp.o
                0x000000000010a580                dhcp_get_opt_val
                0x000000000010a5c9                dhcp_bld_bootp_msg
                0x000000000010a6ca                dhcp_bld_disc
                0x000000000010a71c                dhcp_bld_req
                0x000000000010a7ba                getlocalip
 *fill*         0x000000000010aba7        0x1 
 .text          0x000000000010aba8      0x40e binaries/dns.o
                0x000000000010aba8                dns_bldq
                0x000000000010ac3e                dns_getrname
                0x000000000010ace8                dns_geta
                0x000000000010ae21                dns_qa
 *fill*         0x000000000010afb6        0x2 
 .text          0x000000000010afb8       0xdf binaries/dot2ip.o
                0x000000000010afb8                dot2ip
 *fill*         0x000000000010b097        0x1 
 .text          0x000000000010b098      0x35d binaries/hexdump.o
                0x000000000010b098                hexdump
                0x000000000010b1c2                hexadump
 *fill*         0x000000000010b3f5        0x3 
 .text          0x000000000010b3f8      0x60b binaries/icmp.o
                0x000000000010b3f8                icmp_init
                0x000000000010b410                icmp_register
                0x000000000010b4cf                icmp_recv
                0x000000000010b62a                icmp_mkpkt
                0x000000000010b6ff                icmp_send
                0x000000000010b77b                icmp_in
                0x000000000010b8bc                icmp_release
                0x000000000010b976                icmp_cksum
                0x000000000010b9db                icmp_hton
                0x000000000010b9ef                icmp_ntoh
 *fill*         0x000000000010ba03        0x1 
 .text          0x000000000010ba04      0x57a binaries/ip.o
                0x000000000010ba04                ip_local
                0x000000000010ba38                ipcksum
                0x000000000010ba86                ip_ntoh
                0x000000000010baf8                ip_in
                0x000000000010bbf0                ip_hton
                0x000000000010bc62                ip_out
                0x000000000010bd1c                ip_send
                0x000000000010be17                ipout
                0x000000000010bef2                ip_enqueue
 *fill*         0x000000000010bf7e        0x2 
 .text          0x000000000010bf80      0x1d3 binaries/net.o
                0x000000000010bf80                net_init
                0x000000000010c0bb                eth_hton
                0x000000000010c0c5                eth_ntoh
                0x000000000010c0cf                netin
 *fill*         0x000000000010c153        0x1 
 .text          0x000000000010c154       0xd0 binaries/netstart.o
                0x000000000010c154                netstart
 .text          0x000000000010c224      0xb5f binaries/pdump.o
                0x000000000010c224                pdump
                0x000000000010c897                pdumph
 *fill*         0x000000000010cd83        0x1 
 .text          0x000000000010cd84      0x5e0 binaries/tftp.o
                0x000000000010cd84                tftp_send1
                0x000000000010ceb7                tftpget_mb
                0x000000000010d327                tftpget
 .text          0x000000000010d364      0x7e9 binaries/udp.o
                0x000000000010d364                udp_init
                0x000000000010d3a1                udp_in
                0x000000000010d467                udp_register
                0x000000000010d55d                udp_recv
                0x000000000010d678                udp_recvaddr
                0x000000000010d7aa                udp_send
                0x000000000010d920                udp_sendto
                0x000000000010da6b                udp_release
                0x000000000010db25                udp_ntoh
                0x000000000010db39                udp_hton
 *fill*         0x000000000010db4d        0x3 
 .text          0x000000000010db50       0xff binaries/addargs.o
                0x000000000010db50                addargs
 *fill*         0x000000000010dc4f        0x1 
 .text          0x000000000010dc50      0x1c4 binaries/lexan.o
                0x000000000010dc50                lexan
 .text          0x000000000010de14      0x6e3 binaries/shell.o
                0x000000000010de14                shell
 *fill*         0x000000000010e4f7        0x1 
 .text          0x000000000010e4f8       0x5b binaries/xsh_argecho.o
                0x000000000010e4f8                xsh_argecho
 *fill*         0x000000000010e553        0x1 
 .text          0x000000000010e554      0x1e0 binaries/xsh_arp.o
                0x000000000010e554                xsh_arp
 .text          0x000000000010e734      0x21e binaries/xsh_cat.o
                0x000000000010e734                xsh_cat
 *fill*         0x000000000010e952        0x2 
 .text          0x000000000010e954       0x58 binaries/xsh_clear.o
                0x000000000010e954                xsh_clear
 .text          0x000000000010e9ac      0x2bf binaries/xsh_date.o
                0x000000000010e9ac                xsh_date
 *fill*         0x000000000010ec6b        0x1 
 .text          0x000000000010ec6c       0x9b binaries/xsh_devdump.o
                0x000000000010ec6c                xsh_devdump
 *fill*         0x000000000010ed07        0x1 
 .text          0x000000000010ed08       0x60 binaries/xsh_echo.o
                0x000000000010ed08                xsh_echo
 .text          0x000000000010ed68        0x6 binaries/xsh_exit.o
                0x000000000010ed68                xsh_exit
 *fill*         0x000000000010ed6e        0x2 
 .text          0x000000000010ed70      0x32f binaries/xsh_help.o
                0x000000000010ed70                xsh_help
 *fill*         0x000000000010f09f        0x1 
 .text          0x000000000010f0a0      0x42d binaries/xsh_ipaddr.o
                0x000000000010f0a0                xsh_ipaddr
 *fill*         0x000000000010f4cd        0x3 
 .text          0x000000000010f4d0      0x1f6 binaries/xsh_kill.o
                0x000000000010f4d0                xsh_kill
 *fill*         0x000000000010f6c6        0x2 
 .text          0x000000000010f6c8      0x405 binaries/xsh_memdump.o
                0x000000000010f78c                xsh_memdump
 *fill*         0x000000000010facd        0x3 
 .text          0x000000000010fad0      0x1fc binaries/xsh_memstat.o
                0x000000000010fad0                xsh_memstat
 .text          0x000000000010fccc      0x3d4 binaries/xsh_ping.o
                0x000000000010fccc                xsh_ping
 .text          0x00000000001100a0      0x20f binaries/xsh_ps.o
                0x00000000001100a0                xsh_ps
 *fill*         0x00000000001102af        0x1 
 .text          0x00000000001102b0      0x1e5 binaries/xsh_sleep.o
                0x00000000001102b0                xsh_sleep
 *fill*         0x0000000000110495        0x3 
 .text          0x0000000000110498      0x244 binaries/xsh_udpdump.o
                0x0000000000110498                xsh_udpdump
 .text          0x00000000001106dc      0x449 binaries/xsh_udpecho.o
                0x00000000001106dc                xsh_udpecho
 *fill*         0x0000000000110b25        0x3 
 .text          0x0000000000110b28      0x28a binaries/xsh_udpeserver.o
                0x0000000000110b28                xsh_udpeserver
 *fill*         0x0000000000110db2        0x2 
 .text          0x0000000000110db4      0x1c6 binaries/xsh_uptime.o
                0x0000000000110db4                xsh_uptime
 *fill*         0x0000000000110f7a        0x2 
 .text          0x0000000000110f7c        0xe binaries/clkdisp.o
                0x0000000000110f7c                clkdisp
 *fill*         0x0000000000110f8a        0x2 
 .text          0x0000000000110f8c       0x19 binaries/ctxsw.o
                0x0000000000110f8c                ctxsw
 *fill*         0x0000000000110fa5        0x3 
 .text          0x0000000000110fa8      0x36b binaries/intr.o
                0x0000000000110fa8                disable
                0x0000000000110fb1                restore
                0x0000000000110fbf                enable
                0x0000000000110fc1                pause
                0x0000000000110fc8                halt
                0x0000000000110fce                spurious_irq7
                0x0000000000110fd3                spurious_irq15
                0x0000000000110fe2                _Xint0
                0x0000000000110fed                _Xint1
                0x0000000000110ff8                _Xint2
                0x0000000000111003                _Xint3
                0x000000000011100e                _Xint4
                0x0000000000111019                _Xint5
                0x0000000000111024                _Xint6
                0x000000000011102f                _Xint7
                0x000000000011103a                _Xint8
                0x0000000000111045                _Xint9
                0x0000000000111050                _Xint10
                0x000000000011105b                _Xint11
                0x0000000000111069                _Xint12
                0x0000000000111077                _Xint13
                0x0000000000111085                _Xint14
                0x0000000000111093                _Xint15
                0x00000000001110a1                _Xint16
                0x00000000001110af                _Xint17
                0x00000000001110bd                _Xint18
                0x00000000001110cb                _Xint19
                0x00000000001110d9                _Xint20
                0x00000000001110e7                _Xint21
                0x00000000001110f5                _Xint22
                0x0000000000111103                _Xint23
                0x0000000000111111                _Xint24
                0x000000000011111f                _Xint25
                0x000000000011112d                _Xint26
                0x000000000011113b                _Xint27
                0x0000000000111149                _Xint28
                0x0000000000111157                _Xint29
                0x0000000000111165                _Xint30
                0x0000000000111173                _Xint31
                0x0000000000111181                _Xint32
                0x000000000011118f                _Xint33
                0x000000000011119d                _Xint34
                0x00000000001111ab                _Xint35
                0x00000000001111b9                _Xint36
                0x00000000001111c7                _Xint37
                0x00000000001111d5                _Xint38
                0x00000000001111e3                _Xint39
                0x00000000001111f1                _Xint40
                0x00000000001111ff                _Xint41
                0x000000000011120d                _Xint42
                0x000000000011121b                _Xint43
                0x0000000000111229                _Xint44
                0x0000000000111237                _Xint45
                0x0000000000111245                _Xint46
                0x0000000000111253                defevec
 *fill*         0x0000000000111313        0x1 
 .text          0x0000000000111314        0xf binaries/ttydispatch.o
                0x0000000000111314                ttydispatch
 *fill*         0x0000000000111323        0x1 
 .text          0x0000000000111324       0x13 binaries/ethdispatch.o
                0x0000000000111324                ethdispatch
 *(.rodata .rodata.*)
 .rodata.str1.1
                0x0000000000111337       0x54 binaries/ascdate.o
 *fill*         0x000000000011138b        0x1 
 .rodata.str1.4
                0x000000000011138c       0x22 binaries/ascdate.o
 .rodata.str1.1
                0x00000000001113ae       0xae binaries/conf.o
 .rodata.str1.4
                0x000000000011145c       0x4f binaries/early_imr.o
 .rodata        0x00000000001114ab       0x30 binaries/early_imr.o
 .rodata.str1.1
                0x00000000001114db      0x20c binaries/evec.o
 *fill*         0x00000000001116e7        0x1 
 .rodata.str1.4
                0x00000000001116e8       0x23 binaries/evec.o
 .rodata.str1.1
                0x000000000011170b        0xb binaries/getutime.o
 *fill*         0x0000000000111716        0x2 
 .rodata.str1.4
                0x0000000000111718       0x54 binaries/getutime.o
 .rodata.str1.1
                0x000000000011176c       0x63 binaries/initialize.o
                                         0x67 (size before relaxing)
 *fill*         0x00000000001117cf        0x1 
 .rodata.str1.4
                0x00000000001117d0       0xd4 binaries/initialize.o
 .rodata        0x00000000001118a4       0x20 binaries/kill.o
 .rodata.str1.1
                0x00000000001118c4       0x1c binaries/main.o
 .rodata.str1.4
                0x00000000001118e0       0x22 binaries/main.o
 *fill*         0x0000000000111902        0x2 
 .rodata.str1.4
                0x0000000000111904       0x23 binaries/meminit.o
 .rodata.str1.1
                0x0000000000111927       0x1b binaries/meminit.o
 .rodata.str1.1
                0x0000000000111942        0xf binaries/panic.o
 .rodata.str1.1
                0x0000000000111951       0x1c binaries/ptinit.o
 *fill*         0x000000000011196d        0x3 
 .rodata.str1.4
                0x0000000000111970       0x25 binaries/ptsend.o
 .rodata.str1.1
                0x0000000000111995       0x22 binaries/quark_pdat.o
 *fill*         0x00000000001119b7        0x1 
 .rodata.str1.4
                0x00000000001119b8       0x63 binaries/stacktrace.o
 .rodata.str1.1
                0x0000000000111a1b       0x52 binaries/stacktrace.o
 *fill*         0x0000000000111a6d        0x3 
 .rodata.str1.4
                0x0000000000111a70       0x27 binaries/xdone.o
 *fill*         0x0000000000111a97        0x9 
 .rodata        0x0000000000111aa0       0x81 binaries/ctype_.o
                0x0000000000111aa0                _ctype_
 .rodata.str1.1
                0x0000000000111b21       0x29 binaries/doprnt.o
 *fill*         0x0000000000111b4a        0x2 
 .rodata        0x0000000000111b4c       0xc4 binaries/doprnt.o
 .rodata        0x0000000000111c10       0x98 binaries/doscan.o
 .rodata.str1.1
                0x0000000000000000       0x29 binaries/fdoprnt.o
 .rodata        0x0000000000111ca8       0x84 binaries/fdoprnt.o
 .rodata        0x0000000000111d2c       0x20 binaries/ttycontrol.o
 .rodata.str1.4
                0x0000000000111d4c       0x4c binaries/naminit.o
 .rodata.str1.1
                0x0000000000111d98       0x32 binaries/naminit.o
                                         0x35 (size before relaxing)
 .rodata.str1.1
                0x0000000000111dca       0x15 binaries/ethinit.o
 *fill*         0x0000000000111ddf        0x1 
 .rodata.str1.4
                0x0000000000111de0       0x2e binaries/ethinit.o
 *fill*         0x0000000000111e0e        0x2 
 .rodata.str1.4
                0x0000000000111e10       0x2c binaries/rdsbufalloc.o
 .rodata.str1.4
                0x0000000000111e3c       0x76 binaries/rdscomm.o
 *fill*         0x0000000000111eb2        0x2 
 .rodata.str1.4
                0x0000000000111eb4       0x48 binaries/rdscontrol.o
 .rodata.str1.4
                0x0000000000111efc       0x7e binaries/rdsinit.o
 .rodata.str1.1
                0x0000000000111f7a       0x18 binaries/rdsinit.o
 *fill*         0x0000000000111f92        0x2 
 .rodata.str1.4
                0x0000000000111f94       0x22 binaries/rdsopen.o
 *fill*         0x0000000000111fb6        0x2 
 .rodata.str1.4
                0x0000000000111fb8       0x4d binaries/rdsprocess.o
 .rodata.str1.1
                0x0000000000112005        0x9 binaries/raminit.o
 .rodata.str1.1
                0x000000000011200e       0x13 binaries/lfdballoc.o
 *fill*         0x0000000000112021        0x3 
 .rodata.str1.4
                0x0000000000112024       0x23 binaries/lfdballoc.o
 .rodata.str1.1
                0x0000000000112047       0x14 binaries/lfiballoc.o
 *fill*         0x000000000011205b        0x1 
 .rodata.str1.4
                0x000000000011205c       0x23 binaries/lflcontrol.o
 .rodata.str1.1
                0x000000000011207f       0x64 binaries/lfsckfmt.o
 *fill*         0x00000000001120e3        0x1 
 .rodata.str1.4
                0x00000000001120e4       0x51 binaries/lfsckfmt.o
 *fill*         0x0000000000112135        0x3 
 .rodata.str1.4
                0x0000000000112138       0x21 binaries/rflread.o
 .rodata.str1.4
                0x0000000000000000       0x21 binaries/rflwrite.o
 *fill*         0x0000000000112159        0x3 
 .rodata.str1.4
                0x000000000011215c       0x75 binaries/rfscomm.o
 *fill*         0x00000000001121d1        0x3 
 .rodata.str1.4
                0x00000000001121d4       0x23 binaries/rfscontrol.o
 *fill*         0x00000000001121f7        0x1 
 .rodata        0x00000000001121f8       0x18 binaries/rfscontrol.o
 .rodata.str1.1
                0x0000000000112210        0xc binaries/rfsinit.o
 .rodata.str1.4
                0x000000000011221c       0x57 binaries/rfsinit.o
 *fill*         0x0000000000112273        0x1 
 .rodata.str1.4
                0x0000000000112274       0x2a binaries/rfsndmsg.o
 .rodata.str1.4
                0x0000000000000000       0x22 binaries/rfsopen.o
 .rodata.str1.1
                0x000000000011229e       0x19 binaries/arp.o
 *fill*         0x00000000001122b7        0x1 
 .rodata.str1.4
                0x00000000001122b8       0x21 binaries/arp.o
 *fill*         0x00000000001122d9        0x3 
 .rodata.str1.4
                0x00000000001122dc       0xa6 binaries/dhcp.o
 .rodata.str1.1
                0x0000000000112382       0x4a binaries/dhcp.o
 .rodata.str1.1
                0x00000000001123cc       0x5a binaries/hexdump.o
                                         0x61 (size before relaxing)
 *fill*         0x0000000000112426        0x2 
 .rodata.str1.4
                0x0000000000112428       0x67 binaries/hexdump.o
 *fill*         0x000000000011248f        0x1 
 .rodata.str1.4
                0x0000000000112490       0x29 binaries/icmp.o
 .rodata.str1.1
                0x00000000001124b9       0x4e binaries/ip.o
 *fill*         0x0000000000112507        0x1 
 .rodata.str1.4
                0x0000000000112508       0x20 binaries/ip.o
 .rodata.str1.4
                0x0000000000112528       0x28 binaries/net.o
 .rodata.str1.1
                0x0000000000112550       0x27 binaries/net.o
 *fill*         0x0000000000112577        0x1 
 .rodata.str1.4
                0x0000000000112578       0xcf binaries/netstart.o
 .rodata.str1.1
                0x0000000000112647      0x141 binaries/pdump.o
                                        0x14b (size before relaxing)
 .rodata.str1.4
                0x0000000000112788      0x126 binaries/pdump.o
 *fill*         0x00000000001128ae        0x2 
 .rodata.str1.4
                0x00000000001128b0      0x148 binaries/tftp.o
 .rodata.str1.1
                0x00000000001129f8        0x6 binaries/tftp.o
                                          0xa (size before relaxing)
 .rodata.str1.1
                0x00000000001129fe       0xe3 binaries/shell.o
                                         0xff (size before relaxing)
 *fill*         0x0000000000112ae1        0x3 
 .rodata.str1.4
                0x0000000000112ae4      0x1c4 binaries/shell.o
 *fill*         0x0000000000112ca8       0x18 
 .rodata        0x0000000000112cc0       0xfc binaries/shell.o
                0x0000000000112cc0                cmdtab
 .rodata.str1.1
                0x0000000000112dbc       0x26 binaries/xsh_argecho.o
                                         0x28 (size before relaxing)
 .rodata.str1.1
                0x0000000000112de2       0x70 binaries/xsh_arp.o
                                         0x72 (size before relaxing)
 *fill*         0x0000000000112e52        0x2 
 .rodata.str1.4
                0x0000000000112e54       0xb4 binaries/xsh_arp.o
 .rodata.str1.1
                0x0000000000112f08       0x2d binaries/xsh_cat.o
                                         0x4f (size before relaxing)
 *fill*         0x0000000000112f35        0x3 
 .rodata.str1.4
                0x0000000000112f38       0x52 binaries/xsh_cat.o
                                         0x79 (size before relaxing)
 .rodata.str1.1
                0x0000000000112f8a       0x15 binaries/xsh_clear.o
 .rodata.str1.1
                0x0000000000112f9f       0x46 binaries/xsh_date.o
                                         0x5f (size before relaxing)
 *fill*         0x0000000000112fe5        0x3 
 .rodata.str1.4
                0x0000000000112fe8      0x163 binaries/xsh_date.o
 .rodata.str1.1
                0x000000000011314b       0x5d binaries/xsh_devdump.o
 .rodata.str1.1
                0x00000000001131a8        0x4 binaries/xsh_echo.o
                                          0x9 (size before relaxing)
 .rodata.str1.1
                0x00000000001131ac       0x65 binaries/xsh_help.o
                                         0xa3 (size before relaxing)
 *fill*         0x0000000000113211        0x3 
 .rodata.str1.4
                0x0000000000113214       0x7c binaries/xsh_help.o
                                         0xc6 (size before relaxing)
 .rodata.str1.1
                0x0000000000113290       0x9c binaries/xsh_ipaddr.o
                                         0xf8 (size before relaxing)
 .rodata.str1.4
                0x000000000011332c       0x4d binaries/xsh_ipaddr.o
                                         0x99 (size before relaxing)
 .rodata.str1.1
                0x0000000000113379       0x78 binaries/xsh_kill.o
                                         0x97 (size before relaxing)
 *fill*         0x00000000001133f1        0x3 
 .rodata.str1.4
                0x00000000001133f4       0x4a binaries/xsh_kill.o
                                         0x96 (size before relaxing)
 .rodata.str1.1
                0x000000000011343e       0x84 binaries/xsh_memdump.o
                                         0xa8 (size before relaxing)
 *fill*         0x00000000001134c2        0x2 
 .rodata.str1.4
                0x00000000001134c4      0x15a binaries/xsh_memdump.o
                                        0x1aa (size before relaxing)
 .rodata.str1.1
                0x000000000011361e       0x40 binaries/xsh_memstat.o
                                         0x79 (size before relaxing)
 *fill*         0x000000000011365e        0x2 
 .rodata.str1.4
                0x0000000000113660      0x187 binaries/xsh_memstat.o
                                        0x1af (size before relaxing)
 .rodata.str1.1
                0x00000000001137e7       0xbc binaries/xsh_ping.o
                                         0xdb (size before relaxing)
 *fill*         0x00000000001138a3        0x1 
 .rodata.str1.4
                0x00000000001138a4       0x77 binaries/xsh_ping.o
                                         0xc6 (size before relaxing)
 .rodata.str1.1
                0x000000000011391b       0x74 binaries/xsh_ps.o
                                         0xd5 (size before relaxing)
 *fill*         0x000000000011398f        0x1 
 .rodata.str1.4
                0x0000000000113990       0x80 binaries/xsh_ps.o
                                         0xd0 (size before relaxing)
 *fill*         0x0000000000113a10       0x10 
 .rodata        0x0000000000113a20       0x20 binaries/xsh_ps.o
 .rodata.str1.1
                0x0000000000113a40       0x31 binaries/xsh_sleep.o
                                         0x72 (size before relaxing)
 *fill*         0x0000000000113a71        0x3 
 .rodata.str1.4
                0x0000000000113a74       0x2a binaries/xsh_sleep.o
                                         0x7a (size before relaxing)
 .rodata.str1.1
                0x0000000000113a9e       0x6b binaries/xsh_udpdump.o
                                         0xd2 (size before relaxing)
 *fill*         0x0000000000113b09        0x3 
 .rodata.str1.4
                0x0000000000113b0c       0x94 binaries/xsh_udpdump.o
                                         0xe4 (size before relaxing)
 .rodata.str1.1
                0x0000000000113ba0       0xdb binaries/xsh_udpecho.o
                                         0xfa (size before relaxing)
 *fill*         0x0000000000113c7b        0x1 
 .rodata.str1.4
                0x0000000000113c7c       0xc7 binaries/xsh_udpecho.o
                                        0x116 (size before relaxing)
 .rodata.str1.1
                0x0000000000113d43       0x66 binaries/xsh_udpeserver.o
                                         0x8f (size before relaxing)
 *fill*         0x0000000000113da9        0x3 
 .rodata.str1.4
                0x0000000000113dac       0x29 binaries/xsh_udpeserver.o
                                         0x9f (size before relaxing)
 .rodata.str1.1
                0x0000000000113dd5       0x49 binaries/xsh_uptime.o
                                         0x8c (size before relaxing)
 *fill*         0x0000000000113e1e        0x2 
 .rodata.str1.4
                0x0000000000113e20       0x28 binaries/xsh_uptime.o
                                         0x76 (size before relaxing)
                0x0000000000113e48                etext = ABSOLUTE (.)
                0x0000000000114000                . = ALIGN (0x1000)
 *fill*         0x0000000000113e48      0x1b8 

.eh_frame       0x0000000000114000     0x3258
 .eh_frame      0x0000000000114000       0x58 binaries/ascdate.o
 .eh_frame      0x0000000000114058       0x14 binaries/bufinit.o
                                         0x2c (size before relaxing)
 .eh_frame      0x000000000011406c       0x34 binaries/chprio.o
                                         0x4c (size before relaxing)
 .eh_frame      0x00000000001140a0       0x18 binaries/clkhandler.o
                                         0x30 (size before relaxing)
 .eh_frame      0x00000000001140b8       0x18 binaries/clkinit.o
                                         0x30 (size before relaxing)
 .eh_frame      0x00000000001140d0       0x2c binaries/close.o
                                         0x44 (size before relaxing)
 .eh_frame      0x00000000001140fc       0x2c binaries/control.o
                                         0x44 (size before relaxing)
 .eh_frame      0x0000000000114128       0x40 binaries/create.o
                                         0x58 (size before relaxing)
 .eh_frame      0x0000000000114168       0x98 binaries/early_imr.o
                                         0xb0 (size before relaxing)
 .eh_frame      0x0000000000114200       0x94 binaries/evec.o
                                         0xac (size before relaxing)
 .eh_frame      0x0000000000114294       0x18 binaries/exit.o
                                         0x30 (size before relaxing)
 .eh_frame      0x00000000001142ac       0x14 binaries/find_library_function.o
                                         0x2c (size before relaxing)
 .eh_frame      0x00000000001142c0       0x2c binaries/freebuf.o
                                         0x44 (size before relaxing)
 .eh_frame      0x00000000001142ec       0x3c binaries/freemem.o
                                         0x54 (size before relaxing)
 .eh_frame      0x0000000000114328       0x3c binaries/getbuf.o
                                         0x54 (size before relaxing)
 .eh_frame      0x0000000000114364       0x2c binaries/getc.o
                                         0x44 (size before relaxing)
 .eh_frame      0x0000000000114390       0x3c binaries/getdev.o
                                         0x54 (size before relaxing)
 .eh_frame      0x00000000001143cc       0x4c binaries/getitem.o
                                         0x64 (size before relaxing)
 .eh_frame      0x0000000000114418       0x2c binaries/getmem.o
                                         0x44 (size before relaxing)
 .eh_frame      0x0000000000114444       0x14 binaries/getpid.o
                                         0x2c (size before relaxing)
 .eh_frame      0x0000000000114458       0x24 binaries/getprio.o
                                         0x3c (size before relaxing)
 .eh_frame      0x000000000011447c       0x3c binaries/getstk.o
                                         0x54 (size before relaxing)
 .eh_frame      0x00000000001144b8       0x18 binaries/gettime.o
                                         0x30 (size before relaxing)
 .eh_frame      0x00000000001144d0       0x24 binaries/getutime.o
                                         0x3c (size before relaxing)
 .eh_frame      0x00000000001144f4       0x2c binaries/init.o
                                         0x44 (size before relaxing)
 .eh_frame      0x0000000000114520       0x48 binaries/initialize.o
                                         0x60 (size before relaxing)
 .eh_frame      0x0000000000114568       0x24 binaries/insert.o
                                         0x3c (size before relaxing)
 .eh_frame      0x000000000011458c       0x38 binaries/insertd.o
                                         0x50 (size before relaxing)
 .eh_frame      0x00000000001145c4       0x14 binaries/ioerr.o
                                         0x2c (size before relaxing)
 .eh_frame      0x00000000001145d8       0x14 binaries/ionull.o
                                         0x2c (size before relaxing)
 .eh_frame      0x00000000001145ec       0x40 binaries/kill.o
                                         0x58 (size before relaxing)
 .eh_frame      0x000000000011462c       0x40 binaries/kprintf.o
                                         0x58 (size before relaxing)
 .eh_frame      0x000000000011466c       0x14 binaries/load_library.o
                                         0x2c (size before relaxing)
 .eh_frame      0x0000000000114680       0x14 binaries/load_program.o
                                         0x2c (size before relaxing)
 .eh_frame      0x0000000000114694       0x1c binaries/main.o
                                         0x34 (size before relaxing)
 .eh_frame      0x00000000001146b0       0x3c binaries/mark.o
                                         0x54 (size before relaxing)
 .eh_frame      0x00000000001146ec       0x58 binaries/meminit.o
                                         0x70 (size before relaxing)
 .eh_frame      0x0000000000114744       0x40 binaries/mkbufpool.o
                                         0x58 (size before relaxing)
 .eh_frame      0x0000000000114784       0x14 binaries/newqueue.o
                                         0x2c (size before relaxing)
 .eh_frame      0x0000000000114798       0x2c binaries/open.o
                                         0x44 (size before relaxing)
 .eh_frame      0x00000000001147c4       0x14 binaries/panic.o
                                         0x2c (size before relaxing)
 .eh_frame      0x00000000001147d8       0xe0 binaries/pci.o
                                         0xf8 (size before relaxing)
 .eh_frame      0x00000000001148b8       0x30 binaries/platinit.o
                                         0x48 (size before relaxing)
 .eh_frame      0x00000000001148e8       0x3c binaries/ptclear.o
                                         0x54 (size before relaxing)
 .eh_frame      0x0000000000114924       0x34 binaries/ptcount.o
                                         0x4c (size before relaxing)
 .eh_frame      0x0000000000114958       0x3c binaries/ptcreate.o
                                         0x54 (size before relaxing)
 .eh_frame      0x0000000000114994       0x2c binaries/ptdelete.o
                                         0x44 (size before relaxing)
 .eh_frame      0x00000000001149c0       0x24 binaries/ptinit.o
                                         0x3c (size before relaxing)
 .eh_frame      0x00000000001149e4       0x3c binaries/ptrecv.o
                                         0x54 (size before relaxing)
 .eh_frame      0x0000000000114a20       0x2c binaries/ptreset.o
                                         0x44 (size before relaxing)
 .eh_frame      0x0000000000114a4c       0x34 binaries/ptsend.o
                                         0x4c (size before relaxing)
 .eh_frame      0x0000000000114a80       0x34 binaries/putc.o
                                         0x4c (size before relaxing)
 .eh_frame      0x0000000000114ab4       0x24 binaries/quark_irq.o
                                         0x3c (size before relaxing)
 .eh_frame      0x0000000000114ad8       0x60 binaries/quark_pdat.o
                                         0x78 (size before relaxing)
 .eh_frame      0x0000000000114b38       0x34 binaries/queue.o
                                         0x4c (size before relaxing)
 .eh_frame      0x0000000000114b6c       0x2c binaries/read.o
                                         0x44 (size before relaxing)
 .eh_frame      0x0000000000114b98       0x18 binaries/ready.o
                                         0x30 (size before relaxing)
 .eh_frame      0x0000000000114bb0       0x34 binaries/receive.o
                                         0x4c (size before relaxing)
 .eh_frame      0x0000000000114be4       0x20 binaries/recvclr.o
                                         0x38 (size before relaxing)
 .eh_frame      0x0000000000114c04       0x3c binaries/recvtime.o
                                         0x54 (size before relaxing)
 .eh_frame      0x0000000000114c40       0x4c binaries/resched.o
                                         0x64 (size before relaxing)
 .eh_frame      0x0000000000114c8c       0x34 binaries/resume.o
                                         0x4c (size before relaxing)
 .eh_frame      0x0000000000114cc0       0x2c binaries/seek.o
                                         0x44 (size before relaxing)
 .eh_frame      0x0000000000114cec       0x24 binaries/semcount.o
                                         0x3c (size before relaxing)
 .eh_frame      0x0000000000114d10       0x3c binaries/semcreate.o
                                         0x54 (size before relaxing)
 .eh_frame      0x0000000000114d4c       0x2c binaries/semdelete.o
                                         0x44 (size before relaxing)
 .eh_frame      0x0000000000114d78       0x3c binaries/semreset.o
                                         0x54 (size before relaxing)
 .eh_frame      0x0000000000114db4       0x2c binaries/send.o
                                         0x44 (size before relaxing)
 .eh_frame      0x0000000000114de0       0x2c binaries/signal.o
                                         0x44 (size before relaxing)
 .eh_frame      0x0000000000114e0c       0x34 binaries/signaln.o
                                         0x4c (size before relaxing)
 .eh_frame      0x0000000000114e40       0x44 binaries/sleep.o
                                         0x5c (size before relaxing)
 .eh_frame      0x0000000000114e84       0x40 binaries/stacktrace.o
                                         0x58 (size before relaxing)
 .eh_frame      0x0000000000114ec4       0x3c binaries/suspend.o
                                         0x54 (size before relaxing)
 .eh_frame      0x0000000000114f00       0x2c binaries/unsleep.o
                                         0x44 (size before relaxing)
 .eh_frame      0x0000000000114f2c       0x18 binaries/userret.o
                                         0x30 (size before relaxing)
 .eh_frame      0x0000000000114f44       0x34 binaries/wait.o
                                         0x4c (size before relaxing)
 .eh_frame      0x0000000000114f78       0x18 binaries/wakeup.o
                                         0x30 (size before relaxing)
 .eh_frame      0x0000000000114f90       0x2c binaries/write.o
                                         0x44 (size before relaxing)
 .eh_frame      0x0000000000114fbc       0x18 binaries/xdone.o
                                         0x30 (size before relaxing)
 .eh_frame      0x0000000000114fd4       0x20 binaries/yield.o
                                         0x38 (size before relaxing)
 .eh_frame      0x0000000000114ff4       0x14 binaries/abs.o
                                         0x2c (size before relaxing)
 .eh_frame      0x0000000000115008       0x24 binaries/atoi.o
                                         0x3c (size before relaxing)
 .eh_frame      0x000000000011502c       0x24 binaries/atol.o
                                         0x3c (size before relaxing)
 .eh_frame      0x0000000000115050       0x14 binaries/bzero.o
                                         0x2c (size before relaxing)
 .eh_frame      0x0000000000115064       0xd4 binaries/doprnt.o
                                         0xec (size before relaxing)
 .eh_frame      0x0000000000115138       0x40 binaries/doscan.o
                                         0x58 (size before relaxing)
 .eh_frame      0x0000000000115178       0x7c binaries/fdoprnt.o
                                         0x94 (size before relaxing)
 .eh_frame      0x00000000001151f4       0x18 binaries/fgetc.o
                                         0x30 (size before relaxing)
 .eh_frame      0x000000000011520c       0x3c binaries/fgets.o
                                         0x54 (size before relaxing)
 .eh_frame      0x0000000000115248       0x18 binaries/fprintf.o
                                         0x30 (size before relaxing)
 .eh_frame      0x0000000000115260       0x20 binaries/fputc.o
                                         0x38 (size before relaxing)
 .eh_frame      0x0000000000115280       0x2c binaries/fputs.o
                                         0x44 (size before relaxing)
 .eh_frame      0x00000000001152ac       0x4c binaries/fscanf.o
                                         0x64 (size before relaxing)
 .eh_frame      0x00000000001152f8       0x18 binaries/getchar.o
                                         0x30 (size before relaxing)
 .eh_frame      0x0000000000115310       0x14 binaries/labs.o
                                         0x2c (size before relaxing)
 .eh_frame      0x0000000000115324       0x14 binaries/memchr.o
                                         0x2c (size before relaxing)
 .eh_frame      0x0000000000115338       0x24 binaries/memcmp.o
                                         0x3c (size before relaxing)
 .eh_frame      0x000000000011535c       0x24 binaries/memcpy.o
                                         0x3c (size before relaxing)
 .eh_frame      0x0000000000115380       0x1c binaries/memset.o
                                         0x34 (size before relaxing)
 .eh_frame      0x000000000011539c       0x18 binaries/printf.o
                                         0x30 (size before relaxing)
 .eh_frame      0x00000000001153b4       0x18 binaries/putchar.o
                                         0x30 (size before relaxing)
 .eh_frame      0x00000000001153cc       0xa8 binaries/qsort.o
                                         0xc0 (size before relaxing)
 .eh_frame      0x0000000000115474       0x28 binaries/rand.o
                                         0x40 (size before relaxing)
 .eh_frame      0x000000000011549c       0x34 binaries/sprintf.o
                                         0x4c (size before relaxing)
 .eh_frame      0x00000000001154d0       0x40 binaries/sscanf.o
                                         0x58 (size before relaxing)
 .eh_frame      0x0000000000115510       0x14 binaries/strchr.o
                                         0x2c (size before relaxing)
 .eh_frame      0x0000000000115524       0x1c binaries/strcmp.o
                                         0x34 (size before relaxing)
 .eh_frame      0x0000000000115540       0x14 binaries/strcpy.o
                                         0x2c (size before relaxing)
 .eh_frame      0x0000000000115554       0x14 binaries/strlen.o
                                         0x2c (size before relaxing)
 .eh_frame      0x0000000000115568       0x24 binaries/strncat.o
                                         0x3c (size before relaxing)
 .eh_frame      0x000000000011558c       0x24 binaries/strncmp.o
                                         0x3c (size before relaxing)
 .eh_frame      0x00000000001155b0       0x30 binaries/strncpy.o
                                         0x48 (size before relaxing)
 .eh_frame      0x00000000001155e0       0x14 binaries/strnlen.o
                                         0x2c (size before relaxing)
 .eh_frame      0x00000000001155f4       0x1c binaries/strrchr.o
                                         0x34 (size before relaxing)
 .eh_frame      0x0000000000115610       0x38 binaries/strstr.o
                                         0x50 (size before relaxing)
 .eh_frame      0x0000000000115648       0x2c binaries/ttycontrol.o
                                         0x44 (size before relaxing)
 .eh_frame      0x0000000000115674       0x2c binaries/ttygetc.o
                                         0x44 (size before relaxing)
 .eh_frame      0x00000000001156a0       0x90 binaries/ttyhandle_in.o
                                         0xa8 (size before relaxing)
 .eh_frame      0x0000000000115730       0x40 binaries/ttyhandle_out.o
                                         0x58 (size before relaxing)
 .eh_frame      0x0000000000115770       0x2c binaries/ttyhandler.o
                                         0x44 (size before relaxing)
 .eh_frame      0x000000000011579c       0x2c binaries/ttyinit.o
                                         0x44 (size before relaxing)
 .eh_frame      0x00000000001157c8       0x14 binaries/ttykickout.o
                                         0x2c (size before relaxing)
 .eh_frame      0x00000000001157dc       0x34 binaries/ttyputc.o
                                         0x4c (size before relaxing)
 .eh_frame      0x0000000000115810       0x3c binaries/ttyread.o
                                         0x54 (size before relaxing)
 .eh_frame      0x000000000011584c       0x34 binaries/ttywrite.o
                                         0x4c (size before relaxing)
 .eh_frame      0x0000000000115880       0x50 binaries/mount.o
                                         0x68 (size before relaxing)
 .eh_frame      0x00000000001158d0       0x40 binaries/naminit.o
                                         0x58 (size before relaxing)
 .eh_frame      0x0000000000115910       0xa4 binaries/nammap.o
                                         0xbc (size before relaxing)
 .eh_frame      0x00000000001159b4       0x1c binaries/namopen.o
                                         0x34 (size before relaxing)
 .eh_frame      0x00000000001159d0       0x3c binaries/colon2mac.o
                                         0x54 (size before relaxing)
 .eh_frame      0x0000000000115a0c       0x18 binaries/ethcontrol.o
                                         0x30 (size before relaxing)
 .eh_frame      0x0000000000115a24       0x34 binaries/ethhandler.o
                                         0x4c (size before relaxing)
 .eh_frame      0x0000000000115a58       0x94 binaries/ethinit.o
                                         0xac (size before relaxing)
 .eh_frame      0x0000000000115aec       0x68 binaries/ethmcast.o
                                         0x80 (size before relaxing)
 .eh_frame      0x0000000000115b54       0x40 binaries/ethread.o
                                         0x58 (size before relaxing)
 .eh_frame      0x0000000000115b94       0x3c binaries/ethwrite.o
                                         0x54 (size before relaxing)
 .eh_frame      0x0000000000115bd0       0x24 binaries/rdsbufalloc.o
                                         0x3c (size before relaxing)
 .eh_frame      0x0000000000115bf4       0x30 binaries/rdsclose.o
                                         0x48 (size before relaxing)
 .eh_frame      0x0000000000115c24       0x40 binaries/rdscomm.o
                                         0x58 (size before relaxing)
 .eh_frame      0x0000000000115c64       0x2c binaries/rdscontrol.o
                                         0x44 (size before relaxing)
[...]
 .comment       0x0000000000000000       0x2e binaries/tftp.o
 .comment       0x0000000000000000       0x2e binaries/udp.o
 .comment       0x0000000000000000       0x2e binaries/addargs.o
 .comment       0x0000000000000000       0x2e binaries/lexan.o
 .comment       0x0000000000000000       0x2e binaries/shell.o
 .comment       0x0000000000000000       0x2e binaries/xsh_argecho.o
 .comment       0x0000000000000000       0x2e binaries/xsh_arp.o
 .comment       0x0000000000000000       0x2e binaries/xsh_cat.o
 .comment       0x0000000000000000       0x2e binaries/xsh_clear.o
 .comment       0x0000000000000000       0x2e binaries/xsh_date.o
 .comment       0x0000000000000000       0x2e binaries/xsh_devdump.o
 .comment       0x0000000000000000       0x2e binaries/xsh_echo.o
 .comment       0x0000000000000000       0x2e binaries/xsh_exit.o
 .comment       0x0000000000000000       0x2e binaries/xsh_help.o
 .comment       0x0000000000000000       0x2e binaries/xsh_ipaddr.o
 .comment       0x0000000000000000       0x2e binaries/xsh_kill.o
 .comment       0x0000000000000000       0x2e binaries/xsh_memdump.o
 .comment       0x0000000000000000       0x2e binaries/xsh_memstat.o
 .comment       0x0000000000000000       0x2e binaries/xsh_ping.o
 .comment       0x0000000000000000       0x2e binaries/xsh_ps.o
 .comment       0x0000000000000000       0x2e binaries/xsh_sleep.o
 .comment       0x0000000000000000       0x2e binaries/xsh_udpdump.o
 .comment       0x0000000000000000       0x2e binaries/xsh_udpecho.o
 .comment       0x0000000000000000       0x2e binaries/xsh_udpeserver.o
 .comment       0x0000000000000000       0x2e binaries/xsh_uptime.o

.note.GNU-stack
                0x0000000000000000        0x0
 .note.GNU-stack
                0x0000000000000000        0x0 binaries/ascdate.o
 .note.GNU-stack
                0x0000000000000000        0x0 binaries/bufinit.o
 .note.GNU-stack
                0x0000000000000000        0x0 binaries/chprio.o
 .note.GNU-stack
                0x0000000000000000        0x0 binaries/clkhandler.o
 .note.GNU-stack
                0x0000000000000000        0x0 binaries/clkinit.o
 .note.GNU-stack
                0x0000000000000000        0x0 binaries/close.o
 .note.GNU-stack
                0x0000000000000000        0x0 binaries/conf.o
 .note.GNU-stack
                0x0000000000000000        0x0 binaries/control.o
 .note.GNU-stack
                0x0000000000000000        0x0 binaries/create.o
 .note.GNU-stack
                0x0000000000000000        0x0 binaries/early_imr.o
 .note.GNU-stack
                0x0000000000000000        0x0 binaries/evec.o
 .note.GNU-stack
                0x0000000000000000        0x0 binaries/exit.o
 .note.GNU-stack
                0x0000000000000000        0x0 binaries/find_library_function.o
 .note.GNU-stack
                0x0000000000000000        0x0 binaries/freebuf.o
 .note.GNU-stack
                0x0000000000000000        0x0 binaries/freemem.o
 .note.GNU-stack
                0x0000000000000000        0x0 binaries/getbuf.o
 .note.GNU-stack
                0x0000000000000000        0x0 binaries/getc.o
 .note.GNU-stack
                0x0000000000000000        0x0 binaries/getdev.o
 .note.GNU-stack
                0x0000000000000000        0x0 binaries/getitem.o
 .note.GNU-stack
                0x0000000000000000        0x0 binaries/getmem.o
 .note.GNU-stack
                0x0000000000000000        0x0 binaries/getpid.o
 .note.GNU-stack
                0x0000000000000000        0x0 binaries/getprio.o
 .note.GNU-stack
                0x0000000000000000        0x0 binaries/getstk.o
 .note.GNU-stack
                0x0000000000000000        0x0 binaries/gettime.o
 .note.GNU-stack
                0x0000000000000000        0x0 binaries/getutime.o
 .note.GNU-stack
                0x0000000000000000        0x0 binaries/init.o
 .note.GNU-stack
                0x0000000000000000        0x0 binaries/initialize.o
 .note.GNU-stack
                0x0000000000000000        0x0 binaries/insert.o
 .note.GNU-stack
                0x0000000000000000        0x0 binaries/insertd.o
 .note.GNU-stack
                0x0000000000000000        0x0 binaries/ioerr.o
 .note.GNU-stack
                0x0000000000000000        0x0 binaries/ionull.o
 .note.GNU-stack
                0x0000000000000000        0x0 binaries/kill.o
 .note.GNU-stack
                0x0000000000000000        0x0 binaries/kprintf.o
 .note.GNU-stack
                0x0000000000000000        0x0 binaries/load_library.o
 .note.GNU-stack
                0x0000000000000000        0x0 binaries/load_program.o
 .note.GNU-stack
                0x0000000000000000        0x0 binaries/main.o
 .note.GNU-stack
                0x0000000000000000        0x0 binaries/mark.o
 .note.GNU-stack
                0x0000000000000000        0x0 binaries/meminit.o
 .note.GNU-stack
                0x0000000000000000        0x0 binaries/mkbufpool.o
 .note.GNU-stack
                0x0000000000000000        0x0 binaries/newqueue.o
 .note.GNU-stack
                0x0000000000000000        0x0 binaries/open.o
 .note.GNU-stack
                0x0000000000000000        0x0 binaries/panic.o
 .note.GNU-stack
                0x0000000000000000        0x0 binaries/pci.o
 .note.GNU-stack
                0x0000000000000000        0x0 binaries/platinit.o
 .note.GNU-stack
                0x0000000000000000        0x0 binaries/ptclear.o
 .note.GNU-stack
                0x0000000000000000        0x0 binaries/ptcount.o
 .note.GNU-stack
                0x0000000000000000        0x0 binaries/ptcreate.o
 .note.GNU-stack
                0x0000000000000000        0x0 binaries/ptdelete.o
 .note.GNU-stack
                0x0000000000000000        0x0 binaries/ptinit.o
 .note.GNU-stack
                0x0000000000000000        0x0 binaries/ptrecv.o
 .note.GNU-stack
                0x0000000000000000        0x0 binaries/ptreset.o
 .note.GNU-stack
                0x0000000000000000        0x0 binaries/ptsend.o
 .note.GNU-stack
                0x0000000000000000        0x0 binaries/putc.o
 .note.GNU-stack
                0x0000000000000000        0x0 binaries/quark_irq.o
 .note.GNU-stack
                0x0000000000000000        0x0 binaries/quark_pdat.o
 .note.GNU-stack
                0x0000000000000000        0x0 binaries/queue.o
 .note.GNU-stack
                0x0000000000000000        0x0 binaries/read.o
 .note.GNU-stack
                0x0000000000000000        0x0 binaries/ready.o
 .note.GNU-stack
                0x0000000000000000        0x0 binaries/receive.o
 .note.GNU-stack
                0x0000000000000000        0x0 binaries/recvclr.o
 .note.GNU-stack
                0x0000000000000000        0x0 binaries/recvtime.o
 .note.GNU-stack
                0x0000000000000000        0x0 binaries/resched.o
 .note.GNU-stack
                0x0000000000000000        0x0 binaries/resume.o
 .note.GNU-stack
                0x0000000000000000        0x0 binaries/seek.o
 .note.GNU-stack
                0x0000000000000000        0x0 binaries/semcount.o
 .note.GNU-stack
                0x0000000000000000        0x0 binaries/semcreate.o
 .note.GNU-stack
                0x0000000000000000        0x0 binaries/semdelete.o
 .note.GNU-stack
                0x0000000000000000        0x0 binaries/semreset.o
 .note.GNU-stack
                0x0000000000000000        0x0 binaries/send.o
 .note.GNU-stack
                0x0000000000000000        0x0 binaries/signal.o
 .note.GNU-stack
                0x0000000000000000        0x0 binaries/signaln.o
 .note.GNU-stack
                0x0000000000000000        0x0 binaries/sleep.o
 .note.GNU-stack
                0x0000000000000000        0x0 binaries/stacktrace.o
 .note.GNU-stack
                0x0000000000000000        0x0 binaries/suspend.o
 .note.GNU-stack
                0x0000000000000000        0x0 binaries/unsleep.o
 .note.GNU-stack
                0x0000000000000000        0x0 binaries/userret.o
 .note.GNU-stack
                0x0000000000000000        0x0 binaries/wait.o
 .note.GNU-stack
                0x0000000000000000        0x0 binaries/wakeup.o
 .note.GNU-stack
                0x0000000000000000        0x0 binaries/write.o
 .note.GNU-stack
                0x0000000000000000        0x0 binaries/xdone.o
 .note.GNU-stack
                0x0000000000000000        0x0 binaries/yield.o
 .note.GNU-stack
                0x0000000000000000        0x0 binaries/abs.o
 .note.GNU-stack
                0x0000000000000000        0x0 binaries/atoi.o
 .note.GNU-stack
                0x0000000000000000        0x0 binaries/atol.o
 .note.GNU-stack
                0x0000000000000000        0x0 binaries/bzero.o
 .note.GNU-stack
                0x0000000000000000        0x0 binaries/ctype_.o
 .note.GNU-stack
                0x0000000000000000        0x0 binaries/doprnt.o
 .note.GNU-stack
                0x0000000000000000        0x0 binaries/doscan.o
 .note.GNU-stack
                0x0000000000000000        0x0 binaries/fdoprnt.o
 .note.GNU-stack
                0x0000000000000000        0x0 binaries/fgetc.o
 .note.GNU-stack
                0x0000000000000000        0x0 binaries/fgets.o
 .note.GNU-stack
                0x0000000000000000        0x0 binaries/fprintf.o
 .note.GNU-stack
                0x0000000000000000        0x0 binaries/fputc.o
 .note.GNU-stack
                0x0000000000000000        0x0 binaries/fputs.o
 .note.GNU-stack
                0x0000000000000000        0x0 binaries/fscanf.o
 .note.GNU-stack
                0x0000000000000000        0x0 binaries/getchar.o
 .note.GNU-stack
                0x0000000000000000        0x0 binaries/labs.o
 .note.GNU-stack
                0x0000000000000000        0x0 binaries/memchr.o
 .note.GNU-stack
                0x0000000000000000        0x0 binaries/memcmp.o
 .note.GNU-stack
                0x0000000000000000        0x0 binaries/memcpy.o
 .note.GNU-stack
                0x0000000000000000        0x0 binaries/memset.o
 .note.GNU-stack
                0x0000000000000000        0x0 binaries/printf.o
 .note.GNU-stack
                0x0000000000000000        0x0 binaries/putchar.o
 .note.GNU-stack
                0x0000000000000000        0x0 binaries/qsort.o
 .note.GNU-stack
                0x0000000000000000        0x0 binaries/rand.o
 .note.GNU-stack
                0x0000000000000000        0x0 binaries/sprintf.o
 .note.GNU-stack
                0x0000000000000000        0x0 binaries/sscanf.o
 .note.GNU-stack
                0x0000000000000000        0x0 binaries/strchr.o
 .note.GNU-stack
                0x0000000000000000        0x0 binaries/strcmp.o
 .note.GNU-stack
                0x0000000000000000        0x0 binaries/strcpy.o
 .note.GNU-stack
                0x0000000000000000        0x0 binaries/strlen.o
 .note.GNU-stack
                0x0000000000000000        0x0 binaries/strncat.o
 .note.GNU-stack
                0x0000000000000000        0x0 binaries/strncmp.o
 .note.GNU-stack
                0x0000000000000000        0x0 binaries/strncpy.o
 .note.GNU-stack
                0x0000000000000000        0x0 binaries/strnlen.o
 .note.GNU-stack
                0x0000000000000000        0x0 binaries/strrchr.o
 .note.GNU-stack
                0x0000000000000000        0x0 binaries/strstr.o
 .note.GNU-stack
                0x0000000000000000        0x0 binaries/ttycontrol.o
 .note.GNU-stack
                0x0000000000000000        0x0 binaries/ttygetc.o
 .note.GNU-stack
                0x0000000000000000        0x0 binaries/ttyhandle_in.o
 .note.GNU-stack
                0x0000000000000000        0x0 binaries/ttyhandle_out.o
 .note.GNU-stack
                0x0000000000000000        0x0 binaries/ttyhandler.o
 .note.GNU-stack
                0x0000000000000000        0x0 binaries/ttyinit.o
 .note.GNU-stack
                0x0000000000000000        0x0 binaries/ttykickout.o
 .note.GNU-stack
                0x0000000000000000        0x0 binaries/ttyputc.o
 .note.GNU-stack
                0x0000000000000000        0x0 binaries/ttyread.o
 .note.GNU-stack
                0x0000000000000000        0x0 binaries/ttywrite.o
 .note.GNU-stack
                0x0000000000000000        0x0 binaries/mount.o
 .note.GNU-stack
                0x0000000000000000        0x0 binaries/naminit.o
 .note.GNU-stack
                0x0000000000000000        0x0 binaries/nammap.o
 .note.GNU-stack
                0x0000000000000000        0x0 binaries/namopen.o
 .note.GNU-stack
                0x0000000000000000        0x0 binaries/colon2mac.o
 .note.GNU-stack
                0x0000000000000000        0x0 binaries/ethcontrol.o
 .note.GNU-stack
                0x0000000000000000        0x0 binaries/ethhandler.o
 .note.GNU-stack
                0x0000000000000000        0x0 binaries/ethinit.o
 .note.GNU-stack
                0x0000000000000000        0x0 binaries/ethmcast.o
 .note.GNU-stack
                0x0000000000000000        0x0 binaries/ethread.o
 .note.GNU-stack
                0x0000000000000000        0x0 binaries/ethwrite.o
 .note.GNU-stack
                0x0000000000000000        0x0 binaries/rdsbufalloc.o
 .note.GNU-stack
                0x0000000000000000        0x0 binaries/rdsclose.o
 .note.GNU-stack
                0x0000000000000000        0x0 binaries/rdscomm.o
 .note.GNU-stack
                0x0000000000000000        0x0 binaries/rdscontrol.o
 .note.GNU-stack
                0x0000000000000000        0x0 binaries/rdsinit.o
 .note.GNU-stack
                0x0000000000000000        0x0 binaries/rdsopen.o
 .note.GNU-stack
                0x0000000000000000        0x0 binaries/rdsprocess.o
 .note.GNU-stack
                0x0000000000000000        0x0 binaries/rdsread.o
 .note.GNU-stack
                0x0000000000000000        0x0 binaries/rdswrite.o
 .note.GNU-stack
                0x0000000000000000        0x0 binaries/ramclose.o
 .note.GNU-stack
                0x0000000000000000        0x0 binaries/raminit.o
 .note.GNU-stack
                0x0000000000000000        0x0 binaries/ramopen.o
 .note.GNU-stack
                0x0000000000000000        0x0 binaries/ramread.o
 .note.GNU-stack
                0x0000000000000000        0x0 binaries/ramwrite.o
 .note.GNU-stack
                0x0000000000000000        0x0 binaries/lfdballoc.o
 .note.GNU-stack
                0x0000000000000000        0x0 binaries/lfdbfree.o
 .note.GNU-stack
                0x0000000000000000        0x0 binaries/lfflush.o
 .note.GNU-stack
                0x0000000000000000        0x0 binaries/lfgetmode.o
 .note.GNU-stack
                0x0000000000000000        0x0 binaries/lfiballoc.o
 .note.GNU-stack
                0x0000000000000000        0x0 binaries/lfibclear.o
 .note.GNU-stack
                0x0000000000000000        0x0 binaries/lfibget.o
 .note.GNU-stack
                0x0000000000000000        0x0 binaries/lfibput.o
 .note.GNU-stack
                0x0000000000000000        0x0 binaries/lflclose.o
 .note.GNU-stack
                0x0000000000000000        0x0 binaries/lflcontrol.o
 .note.GNU-stack
                0x0000000000000000        0x0 binaries/lflgetc.o
 .note.GNU-stack
                0x0000000000000000        0x0 binaries/lflinit.o
 .note.GNU-stack
                0x0000000000000000        0x0 binaries/lflputc.o
 .note.GNU-stack
                0x0000000000000000        0x0 binaries/lflread.o
 .note.GNU-stack
                0x0000000000000000        0x0 binaries/lflseek.o
 .note.GNU-stack
                0x0000000000000000        0x0 binaries/lflwrite.o
 .note.GNU-stack
                0x0000000000000000        0x0 binaries/lfsckfmt.o
 .note.GNU-stack
                0x0000000000000000        0x0 binaries/lfscreate.o
 .note.GNU-stack
                0x0000000000000000        0x0 binaries/lfsetup.o
 .note.GNU-stack
                0x0000000000000000        0x0 binaries/lfsinit.o
 .note.GNU-stack
                0x0000000000000000        0x0 binaries/lfsopen.o
 .note.GNU-stack
                0x0000000000000000        0x0 binaries/lftruncate.o
 .note.GNU-stack
                0x0000000000000000        0x0 binaries/rflclose.o
 .note.GNU-stack
                0x0000000000000000        0x0 binaries/rflgetc.o
 .note.GNU-stack
                0x0000000000000000        0x0 binaries/rflinit.o
 .note.GNU-stack
                0x0000000000000000        0x0 binaries/rflputc.o
 .note.GNU-stack
                0x0000000000000000        0x0 binaries/rflread.o
 .note.GNU-stack
                0x0000000000000000        0x0 binaries/rflseek.o
 .note.GNU-stack
                0x0000000000000000        0x0 binaries/rflwrite.o
 .note.GNU-stack
                0x0000000000000000        0x0 binaries/rfscomm.o
 .note.GNU-stack
                0x0000000000000000        0x0 binaries/rfscontrol.o
 .note.GNU-stack
                0x0000000000000000        0x0 binaries/rfsgetmode.o
 .note.GNU-stack
                0x0000000000000000        0x0 binaries/rfsinit.o
 .note.GNU-stack
                0x0000000000000000        0x0 binaries/rfsndmsg.o
 .note.GNU-stack
                0x0000000000000000        0x0 binaries/rfsopen.o
 .note.GNU-stack
                0x0000000000000000        0x0 binaries/arp.o
 .note.GNU-stack
                0x0000000000000000        0x0 binaries/dhcp.o
 .note.GNU-stack
                0x0000000000000000        0x0 binaries/dns.o
 .note.GNU-stack
                0x0000000000000000        0x0 binaries/dot2ip.o
 .note.GNU-stack
                0x0000000000000000        0x0 binaries/hexdump.o
 .note.GNU-stack
                0x0000000000000000        0x0 binaries/icmp.o
 .note.GNU-stack
                0x0000000000000000        0x0 binaries/ip.o
 .note.GNU-stack
                0x0000000000000000        0x0 binaries/net.o
 .note.GNU-stack
                0x0000000000000000        0x0 binaries/netstart.o
 .note.GNU-stack
                0x0000000000000000        0x0 binaries/pdump.o
 .note.GNU-stack
                0x0000000000000000        0x0 binaries/tftp.o
 .note.GNU-stack
                0x0000000000000000        0x0 binaries/udp.o
 .note.GNU-stack
                0x0000000000000000        0x0 binaries/addargs.o
 .note.GNU-stack
                0x0000000000000000        0x0 binaries/lexan.o
 .note.GNU-stack
                0x0000000000000000        0x0 binaries/shell.o
 .note.GNU-stack
                0x0000000000000000        0x0 binaries/xsh_argecho.o
 .note.GNU-stack
                0x0000000000000000        0x0 binaries/xsh_arp.o
 .note.GNU-stack
                0x0000000000000000        0x0 binaries/xsh_cat.o
 .note.GNU-stack
                0x0000000000000000        0x0 binaries/xsh_clear.o
 .note.GNU-stack
                0x0000000000000000        0x0 binaries/xsh_date.o
 .note.GNU-stack
                0x0000000000000000        0x0 binaries/xsh_devdump.o
 .note.GNU-stack
                0x0000000000000000        0x0 binaries/xsh_echo.o
 .note.GNU-stack
                0x0000000000000000        0x0 binaries/xsh_exit.o
 .note.GNU-stack
                0x0000000000000000        0x0 binaries/xsh_help.o
 .note.GNU-stack
                0x0000000000000000        0x0 binaries/xsh_ipaddr.o
 .note.GNU-stack
                0x0000000000000000        0x0 binaries/xsh_kill.o
 .note.GNU-stack
                0x0000000000000000        0x0 binaries/xsh_memdump.o
 .note.GNU-stack
                0x0000000000000000        0x0 binaries/xsh_memstat.o
 .note.GNU-stack
                0x0000000000000000        0x0 binaries/xsh_ping.o
 .note.GNU-stack
                0x0000000000000000        0x0 binaries/xsh_ps.o
 .note.GNU-stack
                0x0000000000000000        0x0 binaries/xsh_sleep.o
 .note.GNU-stack
                0x0000000000000000        0x0 binaries/xsh_udpdump.o
 .note.GNU-stack
                0x0000000000000000        0x0 binaries/xsh_udpecho.o
 .note.GNU-stack
                0x0000000000000000        0x0 binaries/xsh_udpeserver.o
 .note.GNU-stack
                0x0000000000000000        0x0 binaries/xsh_uptime.o
